[debug] [2026-10-09T14:13:59.066Z] [Firebase Plugin] Activating Firebase extension.
[debug] [2026-10-09T14:14:02.814Z] [Firebase Plugin] requireAuthWrapper
[debug] [2026-10-09T14:14:02.823Z] > command requires scopes: ["email","openid","https://www.googleapis.com/auth/cloudplatformprojects.readonly","https://www.googleapis.com/auth/firebase","https://www.googleapis.com/auth/cloud-platform"]
[debug] [2026-10-09T14:14:02.823Z] > authorizing via signed-in user (kobihari@gmail.com)
[debug] [2026-10-09T14:14:02.826Z] Checked if tokens are valid: true, expires at: 1791558823825
[debug] [2026-10-09T14:14:02.826Z] Checked if tokens are valid: true, expires at: 1791558823825
[debug] [2026-10-09T14:14:02.827Z] [Firebase Plugin] User found:  kobihari@gmail.com
[info] [Firebase Plugin] (Core:Project) New user detected, fetching projects
[debug] [2026-10-09T14:14:02.828Z] Checked if tokens are valid: true, expires at: 1791558823825
[debug] [2026-10-09T14:14:02.829Z] >>> [apiv2][query] GET https://firebase.googleapis.com/v1beta1/projects pageSize=1000
[debug] [2026-10-09T14:14:02.838Z] [Firebase Plugin] VSCode notification server listening on port 40001
[info] [Firebase Plugin] Starting SQL Connect toolkit (version 3.4.16) on port 50001
[debug] [2026-10-09T14:14:03.481Z] 'fdc build' failed with error: Unable to build your SQL Connect schema and connectors (exit code 1): E1009 17:14:03.455036   32656 cmd.go:43] Error loading data connect config: could not find dataconnect.yaml in `c:\Projects\Mine\bday-apps\dataconnect`
 {"metadata":{"emulator":{"name":"dataconnect"},"message":"'fdc build' failed with error: Unable to build your SQL Connect schema and connectors (exit code 1): E1009 17:14:03.455036   32656 cmd.go:43] Error loading data connect config: could not find dataconnect.yaml in `c:\\Projects\\Mine\\bday-apps\\dataconnect`\n"}}
[debug] [2026-10-09T14:14:03.482Z] Ignoring unsupported arg: auto_download {"metadata":{"emulator":{"name":"dataconnect"},"message":"Ignoring unsupported arg: auto_download"}}
[debug] [2026-10-09T14:14:03.483Z] Ignoring unsupported arg: port {"metadata":{"emulator":{"name":"dataconnect"},"message":"Ignoring unsupported arg: port"}}
[debug] [2026-10-09T14:14:03.483Z] Starting SQL Connect Emulator with command {"binary":"C:\\Users\\hari\\.cache\\firebase\\emulators\\dataconnect-emulator-3.4.16.exe","args":["--logtostderr","-v=2","dev","--listen=localhost:50001","--config_dir=c:\\Projects\\Mine\\bday-apps\\dataconnect","--enable_output_schema_extensions=true","--enable_output_generated_sdk=true"],"optionalArgs":["listen","config_dir","enable_output_schema_extensions","enable_output_generated_sdk"],"joinArgs":true,"shell":false,"port":9399} {"metadata":{"emulator":{"name":"dataconnect"},"message":"Starting SQL Connect Emulator with command {\"binary\":\"C:\\\\Users\\\\hari\\\\.cache\\\\firebase\\\\emulators\\\\dataconnect-emulator-3.4.16.exe\",\"args\":[\"--logtostderr\",\"-v=2\",\"dev\",\"--listen=localhost:50001\",\"--config_dir=c:\\\\Projects\\\\Mine\\\\bday-apps\\\\dataconnect\",\"--enable_output_schema_extensions=true\",\"--enable_output_generated_sdk=true\"],\"optionalArgs\":[\"listen\",\"config_dir\",\"enable_output_schema_extensions\",\"enable_output_generated_sdk\"],\"joinArgs\":true,\"shell\":false,\"port\":9399}"}}
[info] i  dataconnect: SQL Connect Emulator logging to dataconnect-debug.log {"metadata":{"emulator":{"name":"dataconnect"},"message":"SQL Connect Emulator logging to \u001b[1mdataconnect-debug.log\u001b[22m"}}
[debug] [2026-10-09T14:14:03.594Z] E1009 17:14:03.527548   19976 dev.go:80] Failed to load initial config from "c:\\Projects\\Mine\\bday-apps\\dataconnect": could not find dataconnect.yaml in `c:\Projects\Mine\bday-apps\dataconnect`
E1009 17:14:03.549485   19976 watch.go:116] watchAllDir unable to walk dir `c:\Projects\Mine\bday-apps\dataconnect`: GetFileAttributesEx c:\Projects\Mine\bday-apps\dataconnect: The system cannot find the file specified.
I1009 17:14:03.561423   19976 dev.go:101] Listening on address (HTTP + gRPC): 127.0.0.1:50001
 {"metadata":{"emulator":{"name":"dataconnect"},"message":"E1009 17:14:03.527548   19976 dev.go:80] Failed to load initial config from \"c:\\\\Projects\\\\Mine\\\\bday-apps\\\\dataconnect\": could not find dataconnect.yaml in `c:\\Projects\\Mine\\bday-apps\\dataconnect`\nE1009 17:14:03.549485   19976 watch.go:116] watchAllDir unable to walk dir `c:\\Projects\\Mine\\bday-apps\\dataconnect`: GetFileAttributesEx c:\\Projects\\Mine\\bday-apps\\dataconnect: The system cannot find the file specified.\nI1009 17:14:03.561423   19976 dev.go:101] Listening on address (HTTP + gRPC): 127.0.0.1:50001\n"}}
[error] [Firebase Plugin] error:  {}
[debug] [2026-10-09T14:14:04.040Z] <<< [apiv2][status] GET https://firebase.googleapis.com/v1beta1/projects 200
[debug] [2026-10-09T14:14:04.041Z] <<< [apiv2][body] GET https://firebase.googleapis.com/v1beta1/projects [omitted]
[debug] [2026-10-09T14:14:13.549Z] E1009 17:14:13.549585   19976 watch.go:40] Failed to load config from "c:\\Projects\\Mine\\bday-apps\\dataconnect": could not find dataconnect.yaml in `c:\Projects\Mine\bday-apps\dataconnect`
 {"metadata":{"emulator":{"name":"dataconnect"},"message":"E1009 17:14:13.549585   19976 watch.go:40] Failed to load config from \"c:\\\\Projects\\\\Mine\\\\bday-apps\\\\dataconnect\": could not find dataconnect.yaml in `c:\\Projects\\Mine\\bday-apps\\dataconnect`\n"}}
[debug] [2026-10-09T14:14:23.549Z] E1009 17:14:23.549947   19976 watch.go:40] Failed to load config from "c:\\Projects\\Mine\\bday-apps\\dataconnect": could not find dataconnect.yaml in `c:\Projects\Mine\bday-apps\dataconnect`
 {"metadata":{"emulator":{"name":"dataconnect"},"message":"E1009 17:14:23.549947   19976 watch.go:40] Failed to load config from \"c:\\\\Projects\\\\Mine\\\\bday-apps\\\\dataconnect\": could not find dataconnect.yaml in `c:\\Projects\\Mine\\bday-apps\\dataconnect`\n"}}
[debug] [2026-10-09T14:14:33.549Z] E1009 17:14:33.549943   19976 watch.go:40] Failed to load config from "c:\\Projects\\Mine\\bday-apps\\dataconnect": could not find dataconnect.yaml in `c:\Projects\Mine\bday-apps\dataconnect`
 {"metadata":{"emulator":{"name":"dataconnect"},"message":"E1009 17:14:33.549943   19976 watch.go:40] Failed to load config from \"c:\\\\Projects\\\\Mine\\\\bday-apps\\\\dataconnect\": could not find dataconnect.yaml in `c:\\Projects\\Mine\\bday-apps\\dataconnect`\n"}}
[debug] [2026-10-09T14:14:43.550Z] E1009 17:14:43.550074   19976 watch.go:40] Failed to load config from "c:\\Projects\\Mine\\bday-apps\\dataconnect": could not find dataconnect.yaml in `c:\Projects\Mine\bday-apps\dataconnect`
 {"metadata":{"emulator":{"name":"dataconnect"},"message":"E1009 17:14:43.550074   19976 watch.go:40] Failed to load config from \"c:\\\\Projects\\\\Mine\\\\bday-apps\\\\dataconnect\": could not find dataconnect.yaml in `c:\\Projects\\Mine\\bday-apps\\dataconnect`\n"}}
[debug] [2026-10-09T14:14:53.550Z] E1009 17:14:53.550003   19976 watch.go:40] Failed to load config from "c:\\Projects\\Mine\\bday-apps\\dataconnect": could not find dataconnect.yaml in `c:\Projects\Mine\bday-apps\dataconnect`
 {"metadata":{"emulator":{"name":"dataconnect"},"message":"E1009 17:14:53.550003   19976 watch.go:40] Failed to load config from \"c:\\\\Projects\\\\Mine\\\\bday-apps\\\\dataconnect\": could not find dataconnect.yaml in `c:\\Projects\\Mine\\bday-apps\\dataconnect`\n"}}
[debug] [2026-10-09T14:15:03.549Z] E1009 17:15:03.549745   19976 watch.go:116] watchAllDir unable to walk dir `c:\Projects\Mine\bday-apps\dataconnect`: GetFileAttributesEx c:\Projects\Mine\bday-apps\dataconnect: The system cannot find the file specified.
 {"metadata":{"emulator":{"name":"dataconnect"},"message":"E1009 17:15:03.549745   19976 watch.go:116] watchAllDir unable to walk dir `c:\\Projects\\Mine\\bday-apps\\dataconnect`: GetFileAttributesEx c:\\Projects\\Mine\\bday-apps\\dataconnect: The system cannot find the file specified.\n"}}
[debug] [2026-10-09T14:15:03.549Z] E1009 17:15:03.549745   19976 watch.go:40] Failed to load config from "c:\\Projects\\Mine\\bday-apps\\dataconnect": could not find dataconnect.yaml in `c:\Projects\Mine\bday-apps\dataconnect`
 {"metadata":{"emulator":{"name":"dataconnect"},"message":"E1009 17:15:03.549745   19976 watch.go:40] Failed to load config from \"c:\\\\Projects\\\\Mine\\\\bday-apps\\\\dataconnect\": could not find dataconnect.yaml in `c:\\Projects\\Mine\\bday-apps\\dataconnect`\n"}}
[debug] [2026-10-09T14:15:13.549Z] E1009 17:15:13.550041   19976 watch.go:40] Failed to load config from "c:\\Projects\\Mine\\bday-apps\\dataconnect": could not find dataconnect.yaml in `c:\Projects\Mine\bday-apps\dataconnect`
 {"metadata":{"emulator":{"name":"dataconnect"},"message":"E1009 17:15:13.550041   19976 watch.go:40] Failed to load config from \"c:\\\\Projects\\\\Mine\\\\bday-apps\\\\dataconnect\": could not find dataconnect.yaml in `c:\\Projects\\Mine\\bday-apps\\dataconnect`\n"}}
[debug] [2026-10-09T14:15:23.549Z] E1009 17:15:23.549675   19976 watch.go:40] Failed to load config from "c:\\Projects\\Mine\\bday-apps\\dataconnect": could not find dataconnect.yaml in `c:\Projects\Mine\bday-apps\dataconnect`
 {"metadata":{"emulator":{"name":"dataconnect"},"message":"E1009 17:15:23.549675   19976 watch.go:40] Failed to load config from \"c:\\\\Projects\\\\Mine\\\\bday-apps\\\\dataconnect\": could not find dataconnect.yaml in `c:\\Projects\\Mine\\bday-apps\\dataconnect`\n"}}
[debug] [2026-10-09T14:15:33.549Z] E1009 17:15:33.550020   19976 watch.go:40] Failed to load config from "c:\\Projects\\Mine\\bday-apps\\dataconnect": could not find dataconnect.yaml in `c:\Projects\Mine\bday-apps\dataconnect`
 {"metadata":{"emulator":{"name":"dataconnect"},"message":"E1009 17:15:33.550020   19976 watch.go:40] Failed to load config from \"c:\\\\Projects\\\\Mine\\\\bday-apps\\\\dataconnect\": could not find dataconnect.yaml in `c:\\Projects\\Mine\\bday-apps\\dataconnect`\n"}}
[debug] [2026-10-09T14:15:43.550Z] E1009 17:15:43.550359   19976 watch.go:40] Failed to load config from "c:\\Projects\\Mine\\bday-apps\\dataconnect": could not find dataconnect.yaml in `c:\Projects\Mine\bday-apps\dataconnect`
 {"metadata":{"emulator":{"name":"dataconnect"},"message":"E1009 17:15:43.550359   19976 watch.go:40] Failed to load config from \"c:\\\\Projects\\\\Mine\\\\bday-apps\\\\dataconnect\": could not find dataconnect.yaml in `c:\\Projects\\Mine\\bday-apps\\dataconnect`\n"}}
[debug] [2026-10-09T14:15:53.549Z] E1009 17:15:53.549774   19976 watch.go:40] Failed to load config from "c:\\Projects\\Mine\\bday-apps\\dataconnect": could not find dataconnect.yaml in `c:\Projects\Mine\bday-apps\dataconnect`
 {"metadata":{"emulator":{"name":"dataconnect"},"message":"E1009 17:15:53.549774   19976 watch.go:40] Failed to load config from \"c:\\\\Projects\\\\Mine\\\\bday-apps\\\\dataconnect\": could not find dataconnect.yaml in `c:\\Projects\\Mine\\bday-apps\\dataconnect`\n"}}
